// Jest Snapshot v1, https://goo.gl/fbAQLP

exports[`file schema does not allow for non .js/.css/.ts/.tsx file extensions 1`] = `[ValidationError: "entrypoint filename" with value "index.json" fails to match the required pattern: /^[a-zA-Z0-9\\/._-]+\\.(js|css|ts|tsx)$/]`;
